C:\Microsemi\Libero_SoC_v11.9\SynplifyPro\bin64\c_hdl.exe  -osyn  C:\Users\aamar\Documents\SeniorSem2\4806-MDE\asoc-cfd\asoc-cfd\fpga\LiberoProject\FullSystem\synthesis\synwork\fullsystem_top_comp.srs  -top  fullsystem_top  -hdllog  C:\Users\aamar\Documents\SeniorSem2\4806-MDE\asoc-cfd\asoc-cfd\fpga\LiberoProject\FullSystem\synthesis\synlog\fullsystem_top_compiler.srr  -encrypt  -mp  4  -verification_mode 0  -verilog  -prodtype  synplify_pro  -nram -fixsmult -divnmod   -I C:\Users\aamar\Documents\SeniorSem2\4806-MDE\asoc-cfd\asoc-cfd\fpga\LiberoProject\FullSystem\synthesis\  -I C:\Microsemi\Libero_SoC_v11.9\SynplifyPro\lib   -v2001  -devicelib  C:\Microsemi\Libero_SoC_v11.9\SynplifyPro\lib\proasic\proasic3e.v  -encrypt  -pro  -dmgen  C:\Users\aamar\Documents\SeniorSem2\4806-MDE\asoc-cfd\asoc-cfd\fpga\LiberoProject\FullSystem\synthesis\dm  -ui -fid2 -ram -sharing on -ll 2000 -autosm  -lib work C:\Users\aamar\Documents\SeniorSem2\4806-MDE\asoc-cfd\asoc-cfd\fpga\LiberoProject\FullSystem\hdl\bridge_fsm.v -lib work C:\Users\aamar\Documents\SeniorSem2\4806-MDE\asoc-cfd\asoc-cfd\fpga\LiberoProject\FullSystem\hdl\adc_preprocess_4ch.v -lib work C:\Users\aamar\Documents\SeniorSem2\4806-MDE\asoc-cfd\asoc-cfd\fpga\LiberoProject\FullSystem\hdl\cfd_delay_line_ram.v -lib work C:\Users\aamar\Documents\SeniorSem2\4806-MDE\asoc-cfd\asoc-cfd\fpga\LiberoProject\FullSystem\smartgen\mult_16x14_3p\mult_16x14_3p.v -lib work C:\Users\aamar\Documents\SeniorSem2\4806-MDE\asoc-cfd\asoc-cfd\fpga\LiberoProject\FullSystem\hdl\cfd_channel_frontend.v -lib work C:\Users\aamar\Documents\SeniorSem2\4806-MDE\asoc-cfd\asoc-cfd\fpga\LiberoProject\FullSystem\hdl\serial_frac_div.v -lib work C:\Users\aamar\Documents\SeniorSem2\4806-MDE\asoc-cfd\asoc-cfd\fpga\LiberoProject\FullSystem\hdl\cfd_4ch.v -lib work C:\Users\aamar\Documents\SeniorSem2\4806-MDE\asoc-cfd\asoc-cfd\fpga\LiberoProject\FullSystem\hdl\event_builder.v -lib work C:\Users\aamar\Documents\SeniorSem2\4806-MDE\asoc-cfd\asoc-cfd\fpga\LiberoProject\FullSystem\hdl\peak_detector_4ch.v -lib work C:\Users\aamar\Documents\SeniorSem2\4806-MDE\asoc-cfd\asoc-cfd\fpga\LiberoProject\FullSystem\hdl\position_calculator.v -lib work C:\Users\aamar\Documents\SeniorSem2\4806-MDE\asoc-cfd\asoc-cfd\fpga\LiberoProject\FullSystem\hdl\dsp_pipeline.v -lib work C:\Users\aamar\Documents\SeniorSem2\4806-MDE\asoc-cfd\asoc-cfd\fpga\LiberoProject\FullSystem\hdl\event_buffer.v -lib work C:\Users\aamar\Documents\SeniorSem2\4806-MDE\asoc-cfd\asoc-cfd\fpga\LiberoProject\FullSystem\hdl\uart_rx.v -lib work C:\Users\aamar\Documents\SeniorSem2\4806-MDE\asoc-cfd\asoc-cfd\fpga\LiberoProject\FullSystem\hdl\uart_tx.v -lib work C:\Users\aamar\Documents\SeniorSem2\4806-MDE\asoc-cfd\asoc-cfd\fpga\LiberoProject\FullSystem\hdl\host_uart.v -lib work C:\Users\aamar\Documents\SeniorSem2\4806-MDE\asoc-cfd\asoc-cfd\fpga\LiberoProject\FullSystem\hdl\mux_gain_test.v -lib work C:\Users\aamar\Documents\SeniorSem2\4806-MDE\asoc-cfd\asoc-cfd\fpga\LiberoProject\FullSystem\hdl\pattern_generator.v -lib work C:\Users\aamar\Documents\SeniorSem2\4806-MDE\asoc-cfd\asoc-cfd\fpga\LiberoProject\FullSystem\hdl\pulse_extender.v -lib work C:\Users\aamar\Documents\SeniorSem2\4806-MDE\asoc-cfd\asoc-cfd\fpga\LiberoProject\FullSystem\hdl\timestamp_generator.v -lib work C:\Users\aamar\Documents\SeniorSem2\4806-MDE\asoc-cfd\asoc-cfd\fpga\LiberoProject\FullSystem\hdl\uart_config_fsm.v -lib work C:\Users\aamar\Documents\SeniorSem2\4806-MDE\asoc-cfd\asoc-cfd\fpga\LiberoProject\FullSystem\hdl\uart_packet_parser.v -lib work C:\Users\aamar\Documents\SeniorSem2\4806-MDE\asoc-cfd\asoc-cfd\fpga\LiberoProject\FullSystem\hdl\fullsystem_top.v 
relcom:..\..\..\..\..\..\..\..\..\..\..\..\Microsemi\Libero_SoC_v11.9\SynplifyPro\bin64\c_hdl.exe -osyn ..\synwork\fullsystem_top_comp.srs -top fullsystem_top -hdllog ..\synlog\fullsystem_top_compiler.srr -encrypt -mp 4 -verification_mode 0 -verilog -prodtype synplify_pro -nram -fixsmult -divnmod -I ..\ -I ..\..\..\..\..\..\..\..\..\..\..\..\Microsemi\Libero_SoC_v11.9\SynplifyPro\lib -v2001 -devicelib ..\..\..\..\..\..\..\..\..\..\..\..\Microsemi\Libero_SoC_v11.9\SynplifyPro\lib\proasic\proasic3e.v -encrypt -pro -dmgen ..\dm -ui -fid2 -ram -sharing on -ll 2000 -autosm -lib work ..\..\hdl\bridge_fsm.v -lib work ..\..\hdl\adc_preprocess_4ch.v -lib work ..\..\hdl\cfd_delay_line_ram.v -lib work ..\..\smartgen\mult_16x14_3p\mult_16x14_3p.v -lib work ..\..\hdl\cfd_channel_frontend.v -lib work ..\..\hdl\serial_frac_div.v -lib work ..\..\hdl\cfd_4ch.v -lib work ..\..\hdl\event_builder.v -lib work ..\..\hdl\peak_detector_4ch.v -lib work ..\..\hdl\position_calculator.v -lib work ..\..\hdl\dsp_pipeline.v -lib work ..\..\hdl\event_buffer.v -lib work ..\..\hdl\uart_rx.v -lib work ..\..\hdl\uart_tx.v -lib work ..\..\hdl\host_uart.v -lib work ..\..\hdl\mux_gain_test.v -lib work ..\..\hdl\pattern_generator.v -lib work ..\..\hdl\pulse_extender.v -lib work ..\..\hdl\timestamp_generator.v -lib work ..\..\hdl\uart_config_fsm.v -lib work ..\..\hdl\uart_packet_parser.v -lib work ..\..\hdl\fullsystem_top.v
rc:0 success:1 runtime:5
file:..\synwork\fullsystem_top_comp.srs|io:o|time:1778018566|size:116010|exec:0|csum:
file:..\synlog\fullsystem_top_compiler.srr|io:o|time:1778018566|size:1325753|exec:0|csum:
file:..\..\..\..\..\..\..\..\..\..\..\..\Microsemi\Libero_SoC_v11.9\SynplifyPro\lib\proasic\proasic3e.v|io:i|time:1509031088|size:55760|exec:0|csum:64AE7C3A692FB1B8DBD4D43CE4BE7E9F
file:..\..\hdl\bridge_fsm.v|io:i|time:1777758359|size:4620|exec:0|csum:C96176A1B7CA0B42C1AC1AC1DCDC2A5B
file:..\..\hdl\adc_preprocess_4ch.v|io:i|time:1777758359|size:8458|exec:0|csum:26BED034B59A2569EF00CFCFAF1955B5
file:..\..\hdl\cfd_delay_line_ram.v|io:i|time:1777758359|size:1557|exec:0|csum:BB03B365F8884C026499917EC793FC32
file:..\..\smartgen\mult_16x14_3p\mult_16x14_3p.v|io:i|time:1777758614|size:106669|exec:0|csum:7C036F0329D7D3A55D433E02E329299E
file:..\..\hdl\cfd_channel_frontend.v|io:i|time:1777758359|size:11791|exec:0|csum:2976F85203ABAAE7BF07A73A2BB86982
file:..\..\hdl\serial_frac_div.v|io:i|time:1777758359|size:3199|exec:0|csum:71A0F4F5E27E1CA410F1E12D1A604C79
file:..\..\hdl\cfd_4ch.v|io:i|time:1777758359|size:12857|exec:0|csum:B5B6E92D7FB39EC478FD1C1B5264B500
file:..\..\hdl\event_builder.v|io:i|time:1777758359|size:11692|exec:0|csum:3094F9C56C57B186F350DB31B9EE2B3D
file:..\..\hdl\peak_detector_4ch.v|io:i|time:1777758359|size:5707|exec:0|csum:674F24A343EF8EC435F2DE411CD94BB2
file:..\..\hdl\position_calculator.v|io:i|time:1777758359|size:8984|exec:0|csum:B6B51C2B5D660DB7E37D1E8CBAB8D2DC
file:..\..\hdl\dsp_pipeline.v|io:i|time:1777758359|size:9024|exec:0|csum:A00E3E3E1778B63834192804365AFBE1
file:..\..\hdl\event_buffer.v|io:i|time:1777999364|size:6970|exec:0|csum:701625F3FF33EEEC0FCA4EA0270516BC
file:..\..\hdl\uart_rx.v|io:i|time:1777999255|size:5032|exec:0|csum:249A793185AC2EC718A6403142046CB7
file:..\..\hdl\uart_tx.v|io:i|time:1777999464|size:4044|exec:0|csum:C7A94F287976B08B6B45A89683AA3A80
file:..\..\hdl\host_uart.v|io:i|time:1777999457|size:8040|exec:0|csum:65494A2A4EE3D88EA582FA86EFD43229
file:..\..\hdl\mux_gain_test.v|io:i|time:1777999281|size:2154|exec:0|csum:BB174ED98579F95ED5AB0EB501C7AE2A
file:..\..\hdl\pattern_generator.v|io:i|time:1777999616|size:13728|exec:0|csum:DBAA43A8A08D8AE44D39E55DC0FF2BB2
file:..\..\hdl\pulse_extender.v|io:i|time:1778000311|size:2900|exec:0|csum:112B227BEC44E7EC214C31D45A35BB73
file:..\..\hdl\timestamp_generator.v|io:i|time:1778000273|size:3189|exec:0|csum:7185A6FE50706A8968C7505443FB7BDA
file:..\..\hdl\uart_config_fsm.v|io:i|time:1778000431|size:5379|exec:0|csum:54753895B8B568DFEBB580F146DF9AA5
file:..\..\hdl\uart_packet_parser.v|io:i|time:1778000587|size:10817|exec:0|csum:AE496F8A49FABEB35A6DD85174941544
file:..\..\hdl\fullsystem_top.v|io:i|time:1778018544|size:13709|exec:0|csum:FDFFE6E5CC60D99E21E3628E927C7282
file:..\..\..\..\..\..\..\..\..\..\..\..\Microsemi\Libero_SoC_v11.9\SynplifyPro\bin\c_hdl.exe|io:i|time:1509033316|size:1338368|exec:1|csum:4BE9471CC8F1F34D3F79DD6F3C07C7F5
file:..\..\..\..\..\..\..\..\..\..\..\..\Microsemi\Libero_SoC_v11.9\SynplifyPro\bin64\c_hdl.exe|io:i|time:1509033524|size:1754112|exec:1|csum:0724D6BF71D325162DC071CC1383571C
